#0 building with "desktop-linux" instance using docker driver

#1 [internal] load build definition from Dockerfile
#1 transferring dockerfile: 981B done
#1 DONE 0.0s

#2 [internal] load metadata for docker.io/nginxinc/nginx-unprivileged:1.29.1-alpine@sha256:27985295bdb22a1ef8f712863210bd5877c0f3006494a593e86b3fe0fa55467e
#2 DONE 2.3s

#3 [internal] load metadata for docker.io/library/node:24.20.0-bookworm-slim@sha256:ba849c60be29959425b8734d57b8b4b7d56f98edd9504c9af091d5281095a71e
#3 DONE 2.5s

#4 [internal] load .dockerignore
#4 transferring context: 143B done
#4 DONE 0.0s

#5 [build  1/12] FROM docker.io/library/node:24.20.0-bookworm-slim@sha256:ba849c60be29959425b8734d57b8b4b7d56f98edd9504c9af091d5281095a71e
#5 DONE 0.0s

#6 [stage-1 1/3] FROM docker.io/nginxinc/nginx-unprivileged:1.29.1-alpine@sha256:27985295bdb22a1ef8f712863210bd5877c0f3006494a593e86b3fe0fa55467e
#6 DONE 0.0s

#7 [internal] load build context
#7 transferring context: 46.16kB done
#7 DONE 0.0s

#8 [build  2/12] WORKDIR /opt/wuji
#8 CACHED

#9 [build  7/12] COPY packages/theme/package.json packages/theme/package.json
#9 CACHED

#10 [build  6/12] COPY packages/contracts/package.json packages/contracts/package.json
#10 CACHED

#11 [build  3/12] RUN corepack enable && corepack prepare pnpm@10.32.1 --activate
#11 CACHED

#12 [build  4/12] COPY package.json pnpm-lock.yaml pnpm-workspace.yaml ./
#12 CACHED

#13 [build  5/12] COPY apps/web/package.json apps/web/package.json
#13 CACHED

#14 [build  8/12] RUN pnpm install --frozen-lockfile --filter @wuji/web...
#14 CACHED

#15 [build  9/12] COPY apps/web apps/web
#15 DONE 0.0s

#16 [build 10/12] COPY packages/contracts packages/contracts
#16 DONE 0.0s

#17 [build 11/12] COPY packages/theme packages/theme
#17 DONE 0.0s

#18 [build 12/12] RUN pnpm --filter @wuji/web build
#18 0.435 
#18 0.435 > @wuji/web@0.5.0 build /opt/wuji/apps/web
#18 0.435 > tsc --noEmit && vite build
#18 0.435 
#18 4.601 vite v8.2.2 building client environment for production...
#18 4.610 transforming...
#18 5.076 ✓ 3325 modules transformed.
#18 5.218 rendering chunks...
#18 5.404 computing gzip size...
#18 5.426 dist/index.html                                                0.43 kB │ gzip:   0.27 kB
#18 5.426 dist/assets/ibm-plex-mono-latin-400-normal-CvHOgSBP.woff      13.14 kB
#18 5.426 dist/assets/ibm-plex-mono-latin-400-normal-DMJ8VG8y.woff2     14.70 kB
#18 5.426 dist/assets/inter-latin-wght-normal-Dx4kXJAl.woff2            48.25 kB
#18 5.426 dist/assets/index-D6JwkvWU.css                                45.41 kB │ gzip:   8.50 kB
#18 5.426 dist/assets/index-COOnV0rV.js                              1,890.31 kB │ gzip: 453.18 kB
#18 5.426 
#18 5.427 [plugin builtin:vite-reporter] 
#18 5.427 (!) Some chunks are larger than 500 kB after minification. Consider:
#18 5.427 - Using dynamic import() to code-split the application
#18 5.427 - Use build.rolldownOptions.output.codeSplitting to improve chunking: https://rolldown.rs/reference/OutputOptions.codeSplitting
#18 5.427 - Adjust chunk size limit for this warning via build.chunkSizeWarningLimit.
#18 5.427 ✓ built in 825ms
#18 DONE 5.5s

#19 [stage-1 2/3] COPY apps/web/nginx.conf /etc/nginx/nginx.conf
#19 CACHED

#20 [stage-1 3/3] COPY --from=build /opt/wuji/apps/web/dist /usr/share/nginx/html
#20 CACHED

#21 exporting to image
#21 exporting layers done
#21 writing image sha256:32eab23ce8c866bd399be7388f35d96c0de83eb29627b5093985fee791f16b9b done
#21 naming to docker.io/library/wuji-web:vnext-shell-k8s done
#21 DONE 0.0s

View build details: docker-desktop://dashboard/build/desktop-linux/desktop-linux/x7qfdvknom7zpc1285nj3fdq0
