2032601e-79ac-4e5d-bc5f-7a33620e3659|run|running|2|1|13|15|2
8ec54446-01e4-4ab2-95ba-937e239e4e10|explore|done|run|6|2|29da868c-af1c-4203-a17b-a88fe1d4535f||
d67c3978-53bf-467d-9ea0-572cee84ea12|reason|done|run|4|2|dbcee8e9-aa06-48e4-8e84-1101134bd209||
dbcee8e9-aa06-48e4-8e84-1101134bd209|d67c3978-53bf-467d-9ea0-572cee84ea12|exited|accepted|final_output|6db41752-9826-4687-aae4-b9cf5e640632|2026-09-14 12:47:28.276+00|2026-09-14 12:47:36.106+00|maf-m1:0ec0a62721a53bea70e737098490e6d0f4541ce3018f4cc3345cc8a93bf8b095
29da868c-af1c-4203-a17b-a88fe1d4535f|8ec54446-01e4-4ab2-95ba-937e239e4e10|exited|accepted|final_output|6db41752-9826-4687-aae4-b9cf5e640632|2026-09-14 12:47:37.845+00|2026-09-14 12:47:46.676+00|maf-m1:9152edb66b641b6d1e36c88f396d2f8d99686e7f18dfe80f557c00f9ede6fb92
6c99fc47-b8b5-407f-af4e-ee7c5240a183|dbcee8e9-aa06-48e4-8e84-1101134bd209|sent|complete|ended|200|t|622|622|622|622
8cf89259-187d-46f5-94ed-fe5f428b07c6|dbcee8e9-aa06-48e4-8e84-1101134bd209|sent|complete|ended|200|t|977|977|977|977
b91e97bc-0331-4ed8-b522-17391bac2c2a|29da868c-af1c-4203-a17b-a88fe1d4535f|sent|complete|ended|200|t|622|622|622|622
8470e603-7bbe-4c57-b524-458df77aabb8|29da868c-af1c-4203-a17b-a88fe1d4535f|sent|complete|ended|200|t|977|977|977|977
e3af19db-6753-4786-afa5-a22c1b9fa5a8|complete|088e2264-54b6-46c5-b4f5-2c981227b8be
be66e92c-0232-4e92-be51-2efe7c77ccdc|complete|c60c273b-5575-490c-bfca-04ad007e2040
088e2264-54b6-46c5-b4f5-2c981227b8be|complete|complete|19|19|0|19|
c60c273b-5575-490c-bfca-04ad007e2040|complete|complete|19|19|0|19|
maf-m1:0ec0a62721a53bea70e737098490e6d0f4541ce3018f4cc3345cc8a93bf8b095|received|8a748d89-fab5-4492-aa02-ab636b943ae9|1|1|2026-09-14 12:47:33.827837+00
maf-m1:9152edb66b641b6d1e36c88f396d2f8d99686e7f18dfe80f557c00f9ede6fb92|received|ae940db8-414e-4941-905c-571e2688ad10|1|1|2026-09-14 12:47:44.54871+00
maf-m1:0ec0a62721a53bea70e737098490e6d0f4541ce3018f4cc3345cc8a93bf8b095|1|2026-09-14 12:47:33.95226+00
maf-m1:9152edb66b641b6d1e36c88f396d2f8d99686e7f18dfe80f557c00f9ede6fb92|1|2026-09-14 12:47:44.655258+00
8
2
2
